// Jest Snapshot v1, https://goo.gl/fbAQLP

exports[`ProductListTitle.vue renders component 1`] = `"Lista de produtos"`;
