// Jest Snapshot v1, https://goo.gl/fbAQLP

exports[`ProductPageHeader.vue renders component 1`] = `""`;
