// Jest Snapshot v1, https://goo.gl/fbAQLP

exports[`ProductListResultNumber.vue renders component 1`] = `"nenhum produto encontrado"`;
