// Jest Snapshot v1, https://goo.gl/fbAQLP

exports[`ProductSearchComponent.vue renders component 1`] = `""`;
