// Jest Snapshot v1, https://goo.gl/fbAQLP

exports[`EmptyState.vue renders EmptyState component 1`] = `
<div class="empty-state">
  <h3>Ops... n√£o tem nada por aqui</h3>
  <p class="text">Nenhum resultado para sua pesquisa foi encontrado</p>
</div>
`;
