// Jest Snapshot v1, https://goo.gl/fbAQLP

exports[`Logo.vue renders Logo component 1`] = `
<h1 class="logo">
  mmartan
</h1>
`;
